Success! Final stack:
  [(Verso.Syntax.para
    "para{"
    [(Verso.Syntax.image
      "!["
      (str "\"Lean logo\"")
      "]"
      (Verso.Syntax.url
       "("
       (str "\"/static/lean_logo.svg\"")
       ")"))]
    "}")
   (Verso.Syntax.para
    "para{"
    [(Verso.Syntax.text
      (str
       "\"This is an example website/blog, for testing purposes.\""))]
    "}")]
All input consumed.