
\documentclass{memoir}

\usepackage{sourcecodepro}
\usepackage{sourcesanspro}
\usepackage{sourceserifpro}

\usepackage{fancyvrb}
\usepackage{fvextra}


\makechapterstyle{lean}{%
\renewcommand*{\chaptitlefont}{\sffamily\HUGE}
\renewcommand*{\chapnumfont}{\chaptitlefont}
% allow for 99 chapters!
\settowidth{\chapindent}{\chapnumfont 999}
\renewcommand*{\printchaptername}{}
\renewcommand*{\chapternamenum}{}
\renewcommand*{\chapnumfont}{\chaptitlefont}
\renewcommand*{\printchapternum}{%
\noindent\llap{\makebox[\chapindent][l]{%
\chapnumfont \thechapter}}}
\renewcommand*{\afterchapternum}{}
}

\chapterstyle{lean}

\setsecheadstyle{\sffamily\bfseries\Large}
\setsubsecheadstyle{\sffamily\bfseries\large}
\setsubsubsecheadstyle{\sffamily\bfseries}

\renewcommand{\cftchapterfont}{\normalfont\sffamily}
\renewcommand{\cftsectionfont}{\normalfont\sffamily}
\renewcommand{\cftchapterpagefont}{\normalfont\sffamily}
\renewcommand{\cftsectionpagefont}{\normalfont\sffamily}

\title{\sffamily Title of the Doc}
\author{\sffamily Harry Q. Bovik}
\date{\sffamily }

\begin{document}

\frontmatter

\begin{titlingpage}
\maketitle
\end{titlingpage}

\tableofcontents

\mainmatter

\chapter*{Introduction}
This is a docstring.Here's some more text with a \Verb|code inline|
 in it.
Here's when a \Verb|code inline|

occurs right before a line break.And then here's a paragraph break.
\end{document}
