4 failures:
  @4 (⟨1, 4⟩): expected ')'
    ""
  @4 (⟨1, 4⟩): expected ':='
    ""
  @4 (⟨1, 4⟩): expected argument name
    ""
  @4 (⟨1, 4⟩): unexpected end of input; expected identifier, numeral or string literal
    ""

Final stack:
  (Verso.Syntax.named
   "("
   <missing>
   <missing>
   (Verso.Syntax.arg_str <missing>)
   <missing>)