Success! Final stack:
  (Verso.Syntax.directive
   ":::"
   `multiPara
   [(Verso.Syntax.named_no_paren
     `greatness
     ":="
     (Verso.Syntax.arg_str (str "\"amazing!\"")))]
   "\n"
   [(Verso.Syntax.para
     "para{"
     [(Verso.Syntax.text (str "\"foo\""))]
     "}")]
   ":::")
All input consumed.