Success! Final stack:
  [(Verso.Syntax.blockquote
    ">"
    [(Verso.Syntax.para
      "para{"
      [(Verso.Syntax.text (str "\"Quotation\""))
       (Verso.Syntax.linebreak
        "line!"
        (str "\"\\n\""))
       (Verso.Syntax.text
        (str "\"and contained\""))]
      "}")])]
All input consumed.