Success! Final stack:
  [(Verso.Syntax.para
    "para{"
    [(Verso.Syntax.link
      "["
      [(Verso.Syntax.text (str "\"[link A]\""))]
      "]"
      (Verso.Syntax.url
       "("
       (str "\"https://example.com\"")
       ")"))
     (Verso.Syntax.text (str "\" \""))
     (Verso.Syntax.link
      "["
      [(Verso.Syntax.text (str "\"[link B]\""))]
      "]"
      (Verso.Syntax.url
       "("
       (str "\"https://more.example.com\"")
       ")"))]
    "}")]
All input consumed.