Failure @21 (⟨3, 0⟩): expected indentation at least 1
Final stack:
  [(Verso.Syntax.dl
    "dl{"
    [(Verso.Syntax.desc
      ":"
      [(Verso.Syntax.text
        (str "\" an excellent idea\""))]
      "=>"
      <missing>)]
    "}")
   (Verso.Syntax.para
    "para{"
    [(Verso.Syntax.text
      (str "\"Let's say more!\""))]
    "}")
   (Verso.Syntax.para
    "para{"
    [(Verso.Syntax.text (str "\"hello\""))]
    "}")]
Remaining: "Let's say more!\n\nhello"