Failure @35 (⟨2, 15⟩): unexpected end of input; expected %%% (at line beginning), '![', '$$', '$', '[', '[^', beginning of line at ⟨2, 15⟩ or beginning of line or sequence of nestable block openers at ⟨2, 15⟩
Final stack:
  [(Verso.Syntax.dl
    "dl{"
    [(Verso.Syntax.desc
      ":"
      [(Verso.Syntax.text
        (str "\" an excellent idea\""))
       (Verso.Syntax.linebreak
        "line!"
        (str "\"\\n\""))
       (Verso.Syntax.text
        (str "\"Let's say more!\""))]
      "=>"
      [(Verso.Syntax.metadata_block <missing>)
       <missing>])]
    "}")]
Remaining: ""