10 failures:
  @38 (⟨4, 14⟩): expected ']'
    "\n\n* [busted\n   link\n\n* [busted\n   _italics\n   link\n\n\n* [busted destination](hey\n\n* ![busted image alt text\n\n* ![busted image link](image.png\n\n* a *bold choice\n\n* very _italic *and bold, onto many\n   lines is OK* but don't forget...\n\na paragraph with [a bad link syntax](http://example.com\nis OK. The rest *works*.\n"
  @57 (⟨7, 7⟩): expected ']'
    "\n\n* [busted\n   _italics\n   link\n\n\n* [busted destination](hey\n\n* ![busted image alt text\n\n* ![busted image link](image.png\n\n* a *bold choice\n\n* very _italic *and bold, onto many\n   lines is OK* but don't forget...\n\na paragraph with [a bad link syntax](http://example.com\nis OK. The rest *works*.\n"
  @88 (⟨11, 7⟩): '_'
    "\n\n\n* [busted destination](hey\n\n* ![busted image alt text\n\n* ![busted image link](image.png\n\n* a *bold choice\n\n* very _italic *and bold, onto many\n   lines is OK* but don't forget...\n\na paragraph with [a bad link syntax](http://example.com\nis OK. The rest *works*.\n"
  @88 (⟨11, 7⟩): expected ']'
    "\n\n\n* [busted destination](hey\n\n* ![busted image alt text\n\n* ![busted image link](image.png\n\n* a *bold choice\n\n* very _italic *and bold, onto many\n   lines is OK* but don't forget...\n\na paragraph with [a bad link syntax](http://example.com\nis OK. The rest *works*.\n"
  @117 (⟨14, 26⟩): expected ')'
    "\n\n* ![busted image alt text\n\n* ![busted image link](image.png\n\n* a *bold choice\n\n* very _italic *and bold, onto many\n   lines is OK* but don't forget...\n\na paragraph with [a bad link syntax](http://example.com\nis OK. The rest *works*.\n"
  @144 (⟨16, 25⟩): expected ']'
    "\n\n* ![busted image link](image.png\n\n* a *bold choice\n\n* very _italic *and bold, onto many\n   lines is OK* but don't forget...\n\na paragraph with [a bad link syntax](http://example.com\nis OK. The rest *works*.\n"
  @178 (⟨18, 32⟩): expected ')'
    "\n\n* a *bold choice\n\n* very _italic *and bold, onto many\n   lines is OK* but don't forget...\n\na paragraph with [a bad link syntax](http://example.com\nis OK. The rest *works*.\n"
  @196 (⟨20, 16⟩): '*'
    "\n\n* very _italic *and bold, onto many\n   lines is OK* but don't forget...\n\na paragraph with [a bad link syntax](http://example.com\nis OK. The rest *works*.\n"
  @269 (⟨23, 35⟩): '_'
    "\n\na paragraph with [a bad link syntax](http://example.com\nis OK. The rest *works*.\n"
  @326 (⟨25, 55⟩): expected ')'
    "\nis OK. The rest *works*.\n"

Final stack:
  [(Verso.Syntax.para
    "para{"
    [(Verso.Syntax.linebreak
      "line!"
      (str "\"\\n\""))
     (Verso.Syntax.text
      (str "\"Error recovery tests:\""))]
    "}")
   (Verso.Syntax.ul
    "ul{"
    [(Verso.Syntax.li
      "*"
      [(Verso.Syntax.para
        "para{"
        [(Verso.Syntax.link
          "["
          [(Verso.Syntax.text
            (str "\"busted link\""))]
          <missing>)]
        "}")])
     (Verso.Syntax.li
      "*"
      [(Verso.Syntax.para
        "para{"
        [(Verso.Syntax.link
          "["
          [(Verso.Syntax.text (str "\"busted\""))
           (Verso.Syntax.linebreak
            "line!"
            (str "\"\\n\""))
           (Verso.Syntax.text
            (str "\"   link\""))]
          <missing>)]
        "}")])
     (Verso.Syntax.li
      "*"
      [(Verso.Syntax.para
        "para{"
        [(Verso.Syntax.link
          "["
          [(Verso.Syntax.text (str "\"busted\""))
           (Verso.Syntax.linebreak
            "line!"
            (str "\"\\n\""))
           (Verso.Syntax.text (str "\"   \""))
           (Verso.Syntax.emph
            "_"
            [(Verso.Syntax.text
              (str "\"italics\""))
             (Verso.Syntax.linebreak
              "line!"
              (str "\"\\n\""))
             (Verso.Syntax.text
              (str "\"   link\""))]
            <missing>)]
          <missing>)]
        "}")])
     (Verso.Syntax.li
      "*"
      [(Verso.Syntax.para
        "para{"
        [(Verso.Syntax.link
          "["
          [(Verso.Syntax.text
            (str "\"busted destination\""))]
          "]"
          (Verso.Syntax.url
           "("
           (str "\"hey\"")
           <missing>))]
        "}")])
     (Verso.Syntax.li
      "*"
      [(Verso.Syntax.para
        "para{"
        [(Verso.Syntax.image
          "!["
          (str "\"busted image alt text\"")
          <missing>)]
        "}")])
     (Verso.Syntax.li
      "*"
      [(Verso.Syntax.para
        "para{"
        [(Verso.Syntax.image
          "!["
          (str "\"busted image link\"")
          "]"
          (Verso.Syntax.url
           "("
           (str "\"image.png\"")
           <missing>))]
        "}")])
     (Verso.Syntax.li
      "*"
      [(Verso.Syntax.para
        "para{"
        [(Verso.Syntax.text (str "\"a \""))
         (Verso.Syntax.bold
          "*"
          [(Verso.Syntax.text
            (str "\"bold choice\""))]
          <missing>)]
        "}")])
     (Verso.Syntax.li
      "*"
      [(Verso.Syntax.para
        "para{"
        [(Verso.Syntax.text (str "\"very \""))
         (Verso.Syntax.emph
          "_"
          [(Verso.Syntax.text (str "\"italic \""))
           (Verso.Syntax.bold
            "*"
            [(Verso.Syntax.text
              (str "\"and bold, onto many\""))
             (Verso.Syntax.linebreak
              "line!"
              (str "\"\\n\""))
             (Verso.Syntax.text
              (str "\"   lines is OK\""))]
            "*")
           (Verso.Syntax.text
            (str "\" but don't forget...\""))]
          <missing>)]
        "}")])]
    "}")
   (Verso.Syntax.para
    "para{"
    [(Verso.Syntax.text
      (str "\"a paragraph with \""))
     (Verso.Syntax.link
      "["
      [(Verso.Syntax.text
        (str "\"a bad link syntax\""))]
      "]"
      (Verso.Syntax.url
       "("
       (str "\"http://example.com\"")
       <missing>))
     (Verso.Syntax.linebreak
      "line!"
      (str "\"\\n\""))
     (Verso.Syntax.text
      (str "\"is OK. The rest \""))
     (Verso.Syntax.bold
      "*"
      [(Verso.Syntax.text (str "\"works\""))]
      "*")
     (Verso.Syntax.text (str "\".\""))
     (Verso.Syntax.linebreak
      "line!"
      (str "\"\\n\""))]
    "}")]