Failure @16 (⟨1, 16⟩): '_'
Final stack:
  [(Verso.Syntax.para
    "para{"
    [(Verso.Syntax.bold
      "*"
      [(Verso.Syntax.text (str "\"This is \""))
       (Verso.Syntax.emph
        "_"
        [(Verso.Syntax.text (str "\"strong\""))]
        <missing>)]
      "*")
     (Verso.Syntax.text (str "\" not regular\""))]
    "}")]
Remaining: "* not regular_ emphasis"