Failure @47 (⟨7, 0⟩): expected indentation at least 1
Final stack:
  [(Verso.Syntax.dl
    "dl{"
    [(Verso.Syntax.desc
      ":"
      [(Verso.Syntax.text
        (str "\" an excellent idea\""))]
      "=>"
      [(Verso.Syntax.para
        "para{"
        [(Verso.Syntax.text
          (str "\"Let's say more!\""))]
        "}")])
     (Verso.Syntax.desc
      ":"
      [(Verso.Syntax.text (str "\" more\""))]
      "=>"
      <missing>)]
    "}")]
Remaining: ""