Success! Final stack:
  [(Verso.Syntax.para
    "para{"
    [(Verso.Syntax.text
      (str
       "\"I can describe lists like this one:\""))]
    "}")
   (Verso.Syntax.ul
    "ul{"
    [(Verso.Syntax.li
      "*"
      [(Verso.Syntax.para
        "para{"
        [(Verso.Syntax.text (str "\"a\""))]
        "}")])
     (Verso.Syntax.li
      "*"
      [(Verso.Syntax.para
        "para{"
        [(Verso.Syntax.text (str "\"b\""))]
        "}")])]
    "}")]
All input consumed.