Success! Final stack:
  [(Verso.Syntax.command "{" `test [] "}")
   (Verso.Syntax.blockquote
    ">"
    [(Verso.Syntax.para
      "para{"
      [(Verso.Syntax.text
        (str "\"Here's a blockquote\""))]
      "}")
     (Verso.Syntax.para
      "para{"
      [(Verso.Syntax.text
        (str "\"with multiple paras\""))]
      "}")])
   (Verso.Syntax.para
    "para{"
    [(Verso.Syntax.text (str "\"that ends\""))]
    "}")]
All input consumed.