3 failures:
  @73 (⟨9, 3⟩): expected directive name (identifier)
    "\n"
  @74 (⟨10, 0⟩): expected closing ':::' for directive from line 9
    ""
  @74 (⟨10, 0⟩): expected closing '::::' for directive from line 3
    ""

Final stack:
  [(Verso.Syntax.para
    "para{"
    [(Verso.Syntax.text
      (str
       "\"Here's some error recovery for directives.\""))]
    "}")
   (Verso.Syntax.directive
    "::::"
    `foo
    []
    "\n"
    [(Verso.Syntax.para
      "para{"
      [(Verso.Syntax.text (str "\"Indeed.\""))]
      "}")
     (Verso.Syntax.para
      "para{"
      [(Verso.Syntax.text (str "\"It is.\""))]
      "}")
     (Verso.Syntax.directive
      ":::"
      <missing>
      []
      "\n"
      []
      <missing>)]
    <missing>)]