Success! Final stack:
  (Verso.Syntax.ul
   "ul{"
   [(Verso.Syntax.li
     "*"
     [(Verso.Syntax.para
       "para{"
       [(Verso.Syntax.text
         (str "\"Here's a bullet\""))]
       "}")])
    (Verso.Syntax.li
     "*"
     [(Verso.Syntax.para
       "para{"
       [(Verso.Syntax.text
         (str
          "\"and another with some code in it\""))]
       "}")
      (Verso.Syntax.codeblock
       "````"
       [`lean []]
       "\n"
       (str "\"hey\\n\\nthere\\n\"")
       "````")])
    (Verso.Syntax.li
     "*"
     [(Verso.Syntax.para
       "para{"
       [(Verso.Syntax.text
         (str "\"and another one\""))
        (Verso.Syntax.linebreak
         "line!"
         (str "\"\\n\""))]
       "}")])]
   "}")
All input consumed.