Success! Final stack:
  (Verso.Syntax.role
   "{"
   `ref
   [(Verso.Syntax.anon
     (Verso.Syntax.arg_ident `other))]
   "}"
   "["
   [(Verso.Syntax.role
     "{"
     `leanKw
     []
     "}"
     "["
     [(Verso.Syntax.code "`" (str "\"cmd\"") "`")]
     "]")
    (Verso.Syntax.text (str "\" is great\""))]
   "]")
All input consumed.